#-----------------------------------------------------------
# Vivado v2023.2 (64-bit)
# SW Build 4029153 on Fri Oct 13 20:14:34 MDT 2023
# IP Build 4028589 on Sat Oct 14 00:45:43 MDT 2023
# SharedData Build 4025554 on Tue Oct 10 17:18:54 MDT 2023
# Start of session at: Sun Dec 17 12:51:12 2023
# Process ID: 364
# Current directory: C:/Users/maria/Desktop/Uni/Embedded Electronic System/tesina/Calcolatrice_v1
# Command line: vivado.exe -gui_launcher_event rodinguilauncherevent18768 C:\Users\maria\Desktop\Uni\Embedded Electronic System\tesina\Calcolatrice_v1\main_calcolatrice.xpr
# Log file: C:/Users/maria/Desktop/Uni/Embedded Electronic System/tesina/Calcolatrice_v1/vivado.log
# Journal file: C:/Users/maria/Desktop/Uni/Embedded Electronic System/tesina/Calcolatrice_v1\vivado.jou
# Running On: Maria, OS: Windows, CPU Frequency: 3294 MHz, CPU Physical cores: 12, Host memory: 14702 MB
#-----------------------------------------------------------
start_gui
open_project {C:/Users/maria/Desktop/Uni/Embedded Electronic System/tesina/Calcolatrice_v1/main_calcolatrice.xpr}
open_hw_manager
update_compile_order -fileset sources_1
connect_hw_server -allow_non_jtag
open_hw_target
set_property PROGRAM.FILE {C:/Users/maria/Desktop/Uni/Embedded Electronic System/tesina/Calcolatrice_v1/main_calcolatrice.runs/impl_1/main_calcolatrice.bit} [get_hw_devices xc7a35t_0]
current_hw_device [get_hw_devices xc7a35t_0]
refresh_hw_device -update_hw_probes false [lindex [get_hw_devices xc7a35t_0] 0]
set_property PROBES.FILE {} [get_hw_devices xc7a35t_0]
set_property FULL_PROBES.FILE {} [get_hw_devices xc7a35t_0]
set_property PROGRAM.FILE {C:/Users/maria/Desktop/Uni/Embedded Electronic System/tesina/Calcolatrice_v1/main_calcolatrice.runs/impl_1/main_calcolatrice.bit} [get_hw_devices xc7a35t_0]
program_hw_devices [get_hw_devices xc7a35t_0]
refresh_hw_device [lindex [get_hw_devices xc7a35t_0] 0]
